Hola Mundo Esto es una prueba de OC 123456 --- GOOGLE_VISION --- Hola Mundo Esto es una prueba de OC 123456 --- OCRSPACE --- Hola Mundo Esto es una prueba de OC 123456